 DADOS DE ENTRADA

 numeros de nos          :   12

 coordenadas nodais
        no       x         y
         1      0.00      0.00
         2      4.00      0.00
         3     10.00      0.00
         4     30.00      0.00
         5      0.00     -4.00
         6      4.00     -4.00
         7     10.00     -4.00
         8     30.00     -4.00
         9      0.00    -10.00
        10      4.00    -10.00
        11     10.00    -10.00
        12     30.00    -10.00

 numero de elementos     :    6

  conectividade dos elementos e propriedades
elemento       no1       no2       no3       no4     material
         1         5         6         2         1         1
         2         6         7         3         2         1
         3         7         8         4         3         1
         4         9        10         6         5         2
         5        10        11         7         6         2
         6        11        12         8         7         2

 numero de materiais     :    2

         1             1.00000             0.30000
         2            10.00000             0.45000

 numero de nos carregados:    3

cargas nodais
       no       px        py
         1      0.00     -2.67
         2      0.00    -23.33
         3      0.00    -24.00


 numero de nos suportados:    8


  dados das condicoes de contorno
                       status              valores prescritos
                (1:prescrito, 0:livre)
       no          u         v                u         v
         1         1         0              0.0000    0.0000
         4         1         0              0.0000    0.0000
         5         1         0              0.0000    0.0000
         8         1         0              0.0000    0.0000
         9         1         1              0.0000    0.0000
        10         1         1              0.0000    0.0000
        11         1         1              0.0000    0.0000
        12         1         1              0.0000    0.0000


 RESULTADOS

 deslocamentos nodais

        no            u              v
         1    0.00000E+00   -0.31772E+01
         2    0.13998E+00   -0.39914E+01
         3    0.17121E+00   -0.60474E+00
         4    0.00000E+00    0.25897E+00
         5    0.00000E+00   -0.32387E+00
         6    0.11711E+00   -0.25031E+00
         7    0.13386E+00   -0.44290E-01
         8    0.00000E+00    0.31027E-01
         9    0.00000E+00    0.00000E+00
        10    0.00000E+00    0.00000E+00
        11    0.00000E+00    0.00000E+00
        12    0.00000E+00    0.00000E+00


ELEMENT NUMBER    X-STRESS        Y-STRESS        XY-STRESS        ZZ-STRESS

         1       -0.3745300E+00  -0.9775891E+00  -0.1309416E-01  -0.3499722E+00
         1       -0.4538934E+00  -0.1160701E+01  -0.9229803E-02  -0.4538934E+00
         1       -0.4494649E+00  -0.1157573E+01  -0.5912869E-01  -0.4478940E+00
         1       -0.3712535E+00  -0.9797792E+00  -0.6399997E-01  -0.3605490E+00
         2       -0.4135329E+00  -0.1016320E+01   0.6633870E-01  -0.4167740E+00
         2       -0.1642422E+00  -0.4038189E+00   0.5958920E-01  -0.1546640E+00
         2       -0.1565522E+00  -0.3999466E+00   0.1793616E+00  -0.1494465E+00
         2       -0.4177977E+00  -0.1014428E+01   0.1844552E+00  -0.4062032E+00
         3       -0.5811292E-01  -0.1324262E+00   0.1755196E-01  -0.5510747E-01
         3       -0.2379248E-04   0.1722420E-01   0.5411296E-02   0.6322419E-02
         3        0.3816723E-03   0.1738045E-01   0.1686117E-01   0.6437808E-02
         3       -0.6158918E-01  -0.1321176E+00   0.2623373E-01  -0.5060226E-01
         4       -0.8121524E+00  -0.1177702E+01   0.1711910E-01  -0.6630154E+00
         4       -0.9484197E+00  -0.1296667E+01   0.6648195E-01  -0.9484196E+00
         4        0.2076216E+00  -0.2549434E+00   0.1023449E+00   0.2104799E+00
         4        0.9325868E-01  -0.4119114E+00   0.5370421E-01   0.1333309E+00
         5       -0.9124932E+00  -0.1143546E+01   0.8901657E-01  -0.8629022E+00
         5       -0.3340081E+00  -0.4390278E+00   0.9991873E-01  -0.3163269E+00
         5       -0.9150015E-02  -0.1245230E+00   0.1678946E+00   0.5771468E-01
         5       -0.4276094E+00  -0.6789526E+00   0.1598934E+00  -0.3153566E+00
         6       -0.1518601E+00  -0.1744830E+00   0.6302650E-01  -0.1307934E+00
         6        0.3170615E-01   0.5882937E-01   0.1900196E-01   0.4306045E-01
         6       -0.9528446E-01  -0.4149408E-01   0.2647103E-01  -0.5288997E-01
         6       -0.1654090E+00  -0.1615001E+00   0.7018829E-01  -0.8839361E-01
